e:\coreplan\web\webcore\webcoreopencv\build\webcoreopencvt.dir\release\clear.obj
e:\coreplan\web\webcore\webcoreopencv\build\webcoreopencvt.dir\release\webcoreimage.obj
e:\coreplan\web\webcore\webcoreopencv\build\webcoreopencvt.dir\release\clearutils.obj
e:\coreplan\web\webcore\webcoreopencv\build\webcoreopencvt.dir\release\imagemian.obj
e:\coreplan\web\webcore\webcoreopencv\build\webcoreopencvt.dir\release\edgedetectionmian.obj
e:\coreplan\web\webcore\webcoreopencv\build\webcoreopencvt.dir\release\edgedetection.obj
e:\coreplan\web\webcore\webcoreopencv\build\webcoreopencvt.dir\release\featuredetection.obj
e:\coreplan\web\webcore\webcoreopencv\build\webcoreopencvt.dir\release\featuredetectionmain.obj
e:\coreplan\web\webcore\webcoreopencv\build\cmakefiles\generate.stamp
e:\coreplan\web\webcore\webcoreopencv\build\release\webcoreopencvt.dll
e:\coreplan\web\webcore\webcoreopencv\build\release\webcoreopencvt.lib
e:\coreplan\web\webcore\webcoreopencv\build\release\webcoreopencvt.exp
e:\coreplan\web\webcore\webcoreopencv\build\webcoreopencvt.dir\release\main.obj
e:\coreplan\web\webcore\webcoreopencv\build\webcoreopencvt.dir\release\webcoreopencvt.tlog\cl.command.1.tlog
e:\coreplan\web\webcore\webcoreopencv\build\webcoreopencvt.dir\release\webcoreopencvt.tlog\cl.items.tlog
e:\coreplan\web\webcore\webcoreopencv\build\webcoreopencvt.dir\release\webcoreopencvt.tlog\cl.read.1.tlog
e:\coreplan\web\webcore\webcoreopencv\build\webcoreopencvt.dir\release\webcoreopencvt.tlog\cl.write.1.tlog
e:\coreplan\web\webcore\webcoreopencv\build\webcoreopencvt.dir\release\webcoreopencvt.tlog\custombuild.command.1.tlog
e:\coreplan\web\webcore\webcoreopencv\build\webcoreopencvt.dir\release\webcoreopencvt.tlog\custombuild.read.1.tlog
e:\coreplan\web\webcore\webcoreopencv\build\webcoreopencvt.dir\release\webcoreopencvt.tlog\custombuild.write.1.tlog
e:\coreplan\web\webcore\webcoreopencv\build\webcoreopencvt.dir\release\webcoreopencvt.tlog\link.command.1.tlog
e:\coreplan\web\webcore\webcoreopencv\build\webcoreopencvt.dir\release\webcoreopencvt.tlog\link.read.1.tlog
e:\coreplan\web\webcore\webcoreopencv\build\webcoreopencvt.dir\release\webcoreopencvt.tlog\link.secondary.1.tlog
e:\coreplan\web\webcore\webcoreopencv\build\webcoreopencvt.dir\release\webcoreopencvt.tlog\link.write.1.tlog
